mvn : WARNING: A terminally deprecated method in sun.misc.Unsafe has been 
called
At line:1 char:79
+ ... 1\learnhub\backend" ; mvn -q clean compile > compile.log 2>&1 ; echo  ...
+                           ~~~~~~~~~~~~~~~~~~~~~~~~~~~~~~~~~~~~~~~
    + CategoryInfo          : NotSpecified: (WARNING: A term...has been called 
   :String) [], RemoteException
    + FullyQualifiedErrorId : NativeCommandError
 
WARNING: sun.misc.Unsafe::objectFieldOffset has been called by 
lombok.permit.Permit
WARNING: Please consider reporting this to the maintainers of class 
lombok.permit.Permit
WARNING: sun.misc.Unsafe::objectFieldOffset will be removed in a future release
